python : test_classificar_por_modelo (tes
t_classificador_tipo.TestClassificadorTip
o.test_classificar_por_modelo) ... ok
At line:1 char:1
+ python -m unittest discover -s tests 
-v > test_output.txt 2>&1
+ ~~~~~~~~~~~~~~~~~~~~~~~~~~~~~~~~~~~~~~~
~~~~~~~~~~~~~~~~~~~~~~~
    + CategoryInfo          : NotSpecifi 
   ed: (test_classifica..._modelo) ...   
  ok:String) [], RemoteException
    + FullyQualifiedErrorId : NativeComm 
   andError
 
test_valida_fluxo_excel_mock_coluna_b (te
st_deduplicacao.TestDeduplicacaoProcessam
entoBatch.test_valida_fluxo_excel_mock_co
luna_b) ... ok
test_remover_duplicadas (test_deduplicado
r.TestDeduplicador.test_remover_duplicada
s) ... ok
test_app_inicializa_sem_excecao (test_gui
.TestHebronAppGUI.test_app_inicializa_sem
_excecao)
Garante que HebronApp() nπo crasha 
durante build. ... ok
test_bloqueio_interface_durante_processam
ento (test_gui.TestHebronAppGUI.test_bloq
ueio_interface_durante_processamento) 
... ok
test_falha_try_catch_trata_exception (tes
t_gui.TestHebronAppGUI.test_falha_try_cat
ch_trata_exception) ... ok
test_sucesso_fluxo_callbacks_e_resumo (te
st_gui.TestHebronAppGUI.test_sucesso_flux
o_callbacks_e_resumo) ... ok
test_validacao_campos_obrigatorios_offlin
e (test_gui.TestHebronAppGUI.test_validac
ao_campos_obrigatorios_offline) ... FAIL
test_classificar_chaves (test_key_validat
or.TestKeyValidator.test_classificar_chav
es) ... ok
test_validar_chave (test_key_validator.Te
stKeyValidator.test_validar_chave) ... ok
test_indexar_e_cruzar_xmls (test_matcher_
xml.TestMatcherXML.test_indexar_e_cruzar_
xmls) ... ok
test_iniciar_extracao_hibrida (test_offli
ne_job.TestOfflineJob.test_iniciar_extrac
ao_hibrida) ... ok
test_ler_coluna_b_converte_numeros_excel_
corretamente (test_parser_excel.TestParse
rExcel.test_ler_coluna_b_converte_numeros
_excel_corretamente)
Excel pode armazenar chaves de 44 
dφgitos como n·mero (int ou float). ... 
ok
test_ler_coluna_b_ignora_cabecalho_e_vazi
os (test_parser_excel.TestParserExcel.tes
t_ler_coluna_b_ignora_cabecalho_e_vazios)
 ... ok

=========================================
=============================
FAIL: test_validacao_campos_obrigatorios_
offline (test_gui.TestHebronAppGUI.test_v
alidacao_campos_obrigatorios_offline)
-----------------------------------------
-----------------------------
Traceback (most recent call last):
  File "C:\Users\nicolas\.gemini\antigrav
ity\scratch\hebron-autoxml\tests\test_gui
.py", line 63, in test_validacao_campos_o
brigatorios_offline
    self.assertIn("[ERRO]", args[1])
    ~~~~~~~~~~~~~^^^^^^^^^^^^^^^^^^^
AssertionError: '[ERRO]' not found in 
'[11:55:51] Iniciando varredura Offline 
Local...\n'

-----------------------------------------
-----------------------------
Ran 14 tests in 0.238s

FAILED (failures=1)


---------------- LOG DO TESTE DEDUPLICADOR (B-COLUMN) ----------------
 [OK] Carga bruta de dados local: 120 linhas literais encontradas.
 [OK] Carga de chaves impuras/sujas: 0 registros excluφdos.
 [OK] Conjunto ┌nico: Extraτπo de exatas 76 chaves primßrias distintas.
 [OK] Deduplicaτπo concluida: 44 duplicaτ⌡es ejetadas da fila.
----------------------------------------------------------------------

